2020-05-26 23:02:40.447  INFO 4984 --- [restartedMain] c.g.s.SpringBootDockerApplication        : Starting SpringBootDockerApplication on DESKTOP-OR08N59 with PID 4984 (D:\SRC\intellij\spring-boot-docker\build\classes\java\main started by greatyun in D:\SRC\intellij\spring-boot-docker)
2020-05-26 23:02:40.449  INFO 4984 --- [restartedMain] c.g.s.SpringBootDockerApplication        : No active profile set, falling back to default profiles: default
2020-05-26 23:02:40.478  INFO 4984 --- [restartedMain] .e.DevToolsPropertyDefaultsPostProcessor : Devtools property defaults active! Set 'spring.devtools.add-properties' to 'false' to disable
2020-05-26 23:02:40.479  INFO 4984 --- [restartedMain] .e.DevToolsPropertyDefaultsPostProcessor : For additional web related logging consider setting the 'logging.level.web' property to 'DEBUG'
2020-05-26 23:02:41.107  INFO 4984 --- [restartedMain] o.s.b.w.embedded.tomcat.TomcatWebServer  : Tomcat initialized with port(s): 8080 (http)
2020-05-26 23:02:41.113  INFO 4984 --- [restartedMain] o.apache.catalina.core.StandardService   : Starting service [Tomcat]
2020-05-26 23:02:41.114  INFO 4984 --- [restartedMain] org.apache.catalina.core.StandardEngine  : Starting Servlet engine: [Apache Tomcat/9.0.35]
2020-05-26 23:02:41.194  INFO 4984 --- [restartedMain] o.a.c.c.C.[Tomcat].[localhost].[/]       : Initializing Spring embedded WebApplicationContext
2020-05-26 23:02:41.194  INFO 4984 --- [restartedMain] o.s.web.context.ContextLoader            : Root WebApplicationContext: initialization completed in 715 ms
2020-05-26 23:02:41.306  INFO 4984 --- [restartedMain] o.s.s.concurrent.ThreadPoolTaskExecutor  : Initializing ExecutorService 'applicationTaskExecutor'
2020-05-26 23:02:41.401  INFO 4984 --- [restartedMain] o.s.b.d.a.OptionalLiveReloadServer       : LiveReload server is running on port 35729
2020-05-26 23:02:41.424  INFO 4984 --- [restartedMain] o.s.b.w.embedded.tomcat.TomcatWebServer  : Tomcat started on port(s): 8080 (http) with context path ''
2020-05-26 23:02:41.431  INFO 4984 --- [restartedMain] c.g.s.SpringBootDockerApplication        : Started SpringBootDockerApplication in 1.257 seconds (JVM running for 2.7)
2020-05-26 23:02:42.400  INFO 4984 --- [http-nio-8080-exec-1] o.a.c.c.C.[Tomcat].[localhost].[/]       : Initializing Spring DispatcherServlet 'dispatcherServlet'
2020-05-26 23:02:42.400  INFO 4984 --- [http-nio-8080-exec-1] o.s.web.servlet.DispatcherServlet        : Initializing Servlet 'dispatcherServlet'
2020-05-26 23:02:42.404  INFO 4984 --- [http-nio-8080-exec-1] o.s.web.servlet.DispatcherServlet        : Completed initialization in 4 ms
2020-05-26 23:02:42.419  INFO 4984 --- [http-nio-8080-exec-1] c.g.springbootdocker.HomeController      : test
2020-05-26 23:02:43.029  INFO 4984 --- [http-nio-8080-exec-2] c.g.springbootdocker.HomeController      : test
